---
source: crates/simplexpr/src/parser/lexer.rs
expression: "Lexer::new(0, 0, r#\"foo ; bar\"#).collect_vec()"

---
[
    Ok(
        (
            0,
            Ident(
                "foo",
            ),
            3,
        ),
    ),
]
