---
source: crates/simplexpr/src/parser/lexer.rs
expression: "Lexer::new(0, 0, r#\"\"ÔÄÅ   \" + music\"#).collect_vec()"

---
[
    Ok(
        (
            0,
            StrLit(
                "\"\u{f001}   \"",
            ),
            8,
        ),
    ),
    Ok(
        (
            9,
            Plus,
            10,
        ),
    ),
    Ok(
        (
            11,
            Ident(
                "music",
            ),
            16,
        ),
    ),
]
