---
source: crates/yuck/src/parser/lexer.rs
expression: "r#\"(foo + - \"text\" )\"#"

---
(foo + - "text" )
