---
source: src/lib.rs
expression: "p.parse(0, lexer::Lexer::new(\"(lolðŸ˜„ 1)\"))"

---
Ok(
    List<0..11>(
        [
            Symbol<1..8>(lolðŸ˜„),
            Value<9..10>(1),
        ],
    ),
)
