---
source: src/lib.rs
expression: "p.parse(\"(:foo->: 1)\")"

---
Ok(
    List<0..11>(
        [
            Number<1..8>(:foo->:),
            Number<9..10>(1),
        ],
    ),
)
