---
source: src/main.rs
expression: "p.parse(\"(1 2)\")"

---
Ok(
    List(
        0..5,
        [
            Number(
                1..2,
                1,
            ),
            Number(
                3..4,
                2,
            ),
        ],
    ),
)
