---
source: src/main.rs
expression: "p.parse(\"(:foo 1)\")"

---
Ok(
    List(
        0..8,
        [
            Keyword(
                1..5,
                ":foo",
            ),
            Number(
                6..7,
                1,
            ),
        ],
    ),
)
