---
source: src/lib.rs
expression: "p.parse(0, lexer::Lexer::new(\"(12)\"))"

---
Ok(
    List<0..4>(
        [
            Value<1..3>(12),
        ],
    ),
)
