---
source: src/lib.rs
expression: "p.parse(0, lexer::Lexer::new(\"(foo 1)\"))"

---
Ok(
    List<0..7>(
        [
            Symbol<1..4>(foo),
            Value<5..6>(1),
        ],
    ),
)
