---
source: src/lib.rs
expression: "p.parse(0, lexer::Lexer::new(\"(:foo->: 1)\"))"

---
Ok(
    List<0..11>(
        [
            Number<1..8>(:foo->:),
            Value<9..10>(1),
        ],
    ),
)
