---
source: src/main.rs
expression: "p.parse(r#\"; test\"#)"

---
Ok(
    Comment(
        0..6,
    ),
)
