---
source: src/lib.rs
expression: "p.parse(\"1\")"

---
Ok(
    Number<0..1>(1),
)
