---
source: src/lib.rs
expression: "p.parse(\"1\")"

---
Ok(
    Literal(
        "1",
    ),
)
